Airport status:

Airport status:
Runway 100000 domestic
5 flights are waiting:
Flight 1 D ABC E
Flight 2 D AAB E
Flight 3 D ACB E
Flight 100000 D AAA R
Flight 4 D AHA R

Airport status:
Runway 100000 domestic
5 flights are waiting:
Flight 1 D ABC E
Flight 3 D ACB E
Flight 2 D AAB E
Flight 100000 D AAA R
Flight 4 D AHA R

Airport status:
Runway 100000 domestic
5 flights are waiting:
Flight 1 D ABC E
Flight 3 D ACB E
Flight 2 D AAB E
Flight 100000 D AAA R
Flight 4 D AHA R
Runway 2 international
1 flights are waiting:
Flight 19 I KFC E

Airport status:
Runway 100000 domestic
5 flights are waiting:
Flight 1 D ABC E
Flight 3 D ACB E
Flight 2 D AAB E
Flight 100000 D AAA R
Flight 4 D AHA R
Runway 2 international
1 flights are waiting:
Flight 19 I ABI E

Airport status:
Runway 100000 domestic
5 flights are waiting:
Flight 1 D ABC E
Flight 3 D ACB E
Flight 2 D AAB E
Flight 100000 D AAA R
Flight 4 D AHA R
Runway 2 international
1 flights are waiting:
Flight 19 I ABI E

Airport status:
Runway 100000 domestic
5 flights are waiting:
Flight 2 D AAB E
Flight 1 D ACB E
Flight 3 D ACB E
Flight 100000 D AAA R
Flight 4 D AHA R
Runway 2 international
1 flights are waiting:
Flight 19 I ABI E

Airport status:
Runway 100000 domestic
6 flights are waiting:
Flight 2 D AAB E
Flight 1 D ACB E
Flight 3 D ACB E
Flight 22 D PPP E
Flight 100000 D BBB R
Flight 4 D AHA R
Runway 2 international
2 flights are waiting:
Flight 19 I ABI E
Flight 20 I BBB E

Airport status:
Runway 100000 domestic
6 flights are waiting:
Flight 2 D AAB E
Flight 1 D ACB E
Flight 3 D ACB E
Flight 22 D PPP E
Flight 100000 D BBB R
Flight 4 D AHA R
Runway 2 international
2 flights are waiting:
Flight 19 I ABI E
Flight 20 I BBB E

Airport status:
Runway 100000 domestic
8 flights are waiting:
Flight 2 D AAB E
Flight 1 D ACB E
Flight 3 D ACB E
Flight 22 D PPP E
Flight 100000 D BBB R
Flight 4 D AHA R
Flight 919 D ACB R
Flight 900 D QIW R
Runway 2 international
2 flights are waiting:
Flight 19 I ABI E
Flight 20 I BBB E

Airport status:
Runway 100000 domestic
8 flights are waiting:
Flight 2 D AAB E
Flight 22 D PPP E
Flight 1 D ACB E
Flight 3 D ACB E
Flight 100000 D BBB R
Flight 4 D AHA R
Flight 900 D QIW R
Flight 919 D ACB R
Runway 2 international
2 flights are waiting:
Flight 19 I ABI E
Flight 20 I BBB E

