Airport status:

Airport status:
Runway 1 domestic
0 flights are waiting:
Runway 2 domestic
0 flights are waiting:
Runway 3 international
0 flights are waiting:
Runway 4 international
0 flights are waiting:

Airport status:
Runway 1 domestic
1 flights are waiting:
Flight 1 D AAA R
Runway 2 domestic
1 flights are waiting:
Flight 2 D AAA R
Runway 3 international
1 flights are waiting:
Flight 3 I AAA R
Runway 4 international
1 flights are waiting:
Flight 4 I AAA R

Airport status:
Runway 1 domestic
2 flights are waiting:
Flight 5 D BBB E
Flight 1 D AAA R
Runway 2 domestic
2 flights are waiting:
Flight 2 D AAA R
Flight 7 D CCC R
Runway 3 international
2 flights are waiting:
Flight 6 I BBB E
Flight 3 I AAA R
Runway 4 international
2 flights are waiting:
Flight 4 I AAA R
Flight 8 I CCC R

Airport status:
Runway 1 domestic
2 flights are waiting:
Flight 5 D BBB E
Flight 1 D AAA R
Runway 2 domestic
2 flights are waiting:
Flight 7 D CCC R
Flight 2 D AAA R
Runway 3 international
2 flights are waiting:
Flight 6 I BBB E
Flight 3 I AAA R
Runway 4 international
2 flights are waiting:
Flight 8 I CCC R
Flight 4 I AAA R

Airport status:
Runway 1 domestic
0 flights are waiting:
Runway 2 domestic
2 flights are waiting:
Flight 7 D CCC R
Flight 2 D AAA R
Runway 3 international
1 flights are waiting:
Flight 3 I AAA R
Runway 4 international
2 flights are waiting:
Flight 8 I CCC R
Flight 4 I AAA R

Airport status:
Runway 1 domestic
0 flights are waiting:
Runway 2 domestic
2 flights are waiting:
Flight 7 D CCC R
Flight 2 D AAA R
Runway 3 international
1 flights are waiting:
Flight 3 I AAA R

Airport status:
Runway 1 domestic
0 flights are waiting:
Runway 2 domestic
2 flights are waiting:
Flight 7 D CCC R
Flight 2 D KFC R
Runway 3 international
1 flights are waiting:
Flight 3 I KFC R

Airport status:
Runway 1 domestic
0 flights are waiting:
Runway 2 domestic
0 flights are waiting:
Runway 3 international
1 flights are waiting:
Flight 3 I KFC R

Airport status:
Runway 1 domestic
0 flights are waiting:
Runway 2 domestic
0 flights are waiting:
Runway 3 international
1 flights are waiting:
Flight 3 I KFC R

Airport status:
Runway 1 domestic
0 flights are waiting:
Runway 2 domestic
0 flights are waiting:
Runway 3 international
1 flights are waiting:
Flight 3 I KFC R

Airport status:
Runway 1 domestic
0 flights are waiting:
Runway 2 domestic
0 flights are waiting:
Runway 3 international
0 flights are waiting:

Airport status:
Runway 1 domestic
0 flights are waiting:
Runway 2 domestic
0 flights are waiting:
Runway 3 international
0 flights are waiting:

Airport status:
Runway 1 domestic
0 flights are waiting:
Runway 2 domestic
0 flights are waiting:
Runway 3 international
0 flights are waiting:

Airport status:
Runway 1 domestic
0 flights are waiting:
Runway 2 domestic
0 flights are waiting:
Runway 3 international
0 flights are waiting:

Airport status:
Runway 3 international
0 flights are waiting:

Airport status:

