Airport status:

Airport status:
Runway 1 domestic
4 flights are waiting:
Flight 1 D JFK R
Flight 2 D AAA R
Flight 3 D BBB R
Flight 4 D CCC R
Runway 2 international
0 flights are waiting:

Airport status:
Runway 1 domestic
4 flights are waiting:
Flight 1 D JFK R
Flight 2 D AAA R
Flight 3 D BBB R
Flight 4 D CCC R
Runway 2 international
1 flights are waiting:
Flight 50 I CCC E

Airport status:
Runway 1 domestic
3 flights are waiting:
Flight 2 D AAA R
Flight 3 D BBB R
Flight 4 D CCC R
Runway 2 international
2 flights are waiting:
Flight 50 I CCC E
Flight 61 I KFC E
Runway 3 domestic
2 flights are waiting:
Flight 60 D KFC E
Flight 62 D ABC E
Runway 4 domestic
0 flights are waiting:

Airport status:
Runway 1 domestic
3 flights are waiting:
Flight 2 D AAA R
Flight 3 D BBB R
Flight 4 D CCC R
Runway 2 international
2 flights are waiting:
Flight 50 I CCC E
Flight 61 I KFC E
Runway 3 domestic
2 flights are waiting:
Flight 60 D KFC E
Flight 62 D ABC E
Runway 4 domestic
0 flights are waiting:

Airport status:
Runway 1 domestic
3 flights are waiting:
Flight 2 D AAA R
Flight 3 D BBB R
Flight 4 D CCC R
Runway 2 international
2 flights are waiting:
Flight 50 I CCC E
Flight 61 I KFC E
Runway 3 domestic
2 flights are waiting:
Flight 60 D KFC E
Flight 62 D ABC E
Runway 4 domestic
1 flights are waiting:
Flight 13 D ABC R

Airport status:
Runway 1 domestic
3 flights are waiting:
Flight 2 D AAA R
Flight 3 D BBB R
Flight 4 D CCC R
Runway 2 international
2 flights are waiting:
Flight 50 I CCC E
Flight 61 I KFC E
Runway 3 domestic
3 flights are waiting:
Flight 60 D KFC E
Flight 62 D ABC E
Flight 15 D JFK R
Runway 4 domestic
2 flights are waiting:
Flight 13 D ABC R
Flight 14 D ARK R

Airport status:
Runway 1 domestic
4 flights are waiting:
Flight 17 D JFK E
Flight 2 D AAA R
Flight 3 D BBB R
Flight 4 D CCC R
Runway 2 international
2 flights are waiting:
Flight 50 I CCC E
Flight 61 I KFC E
Runway 3 domestic
3 flights are waiting:
Flight 60 D KFC E
Flight 62 D ABC E
Flight 15 D JFK R
Runway 4 domestic
3 flights are waiting:
Flight 13 D ABC R
Flight 14 D ARK R
Flight 16 D JFK R

Airport status:
Runway 1 domestic
4 flights are waiting:
Flight 17 D JFK E
Flight 2 D AAA R
Flight 3 D BBB R
Flight 4 D CCC R
Runway 2 international
2 flights are waiting:
Flight 50 I CCC E
Flight 61 I KFC E
Runway 3 domestic
3 flights are waiting:
Flight 60 D KFC E
Flight 62 D ABC E
Flight 15 D JFK R
Runway 4 domestic
3 flights are waiting:
Flight 13 D ABC R
Flight 14 D ARK R
Flight 16 D JFK R

Airport status:
Runway 1 domestic
4 flights are waiting:
Flight 17 D JFK E
Flight 2 D AAA R
Flight 3 D BBB R
Flight 4 D CCC R
Runway 2 international
2 flights are waiting:
Flight 50 I CCC E
Flight 61 I KFC E
Runway 3 domestic
3 flights are waiting:
Flight 60 D KFC E
Flight 62 D ABC E
Flight 15 D JFK R
Runway 4 domestic
3 flights are waiting:
Flight 14 D ARK R
Flight 16 D JFK R
Flight 13 D ABC R

Airport status:
Runway 1 domestic
1 flights are waiting:
Flight 4 D CCC R
Runway 2 international
2 flights are waiting:
Flight 50 I CCC E
Flight 61 I KFC E
Runway 3 domestic
3 flights are waiting:
Flight 60 D KFC E
Flight 62 D ABC E
Flight 15 D JFK R
Runway 4 domestic
3 flights are waiting:
Flight 14 D ARK R
Flight 16 D JFK R
Flight 13 D ABC R

Airport status:
Runway 1 domestic
0 flights are waiting:
Runway 2 international
1 flights are waiting:
Flight 61 I KFC E
Runway 3 domestic
3 flights are waiting:
Flight 60 D KFC E
Flight 62 D ABC E
Flight 15 D JFK R

Airport status:
Runway 1 domestic
0 flights are waiting:
Runway 2 international
0 flights are waiting:
Runway 3 domestic
1 flights are waiting:
Flight 15 D JFK R

Airport status:
Runway 1 domestic
0 flights are waiting:
Runway 2 international
0 flights are waiting:
Runway 3 domestic
0 flights are waiting:

Airport status:
Runway 1 domestic
0 flights are waiting:
Runway 2 international
0 flights are waiting:
Runway 3 domestic
0 flights are waiting:

Airport status:
Runway 1 domestic
0 flights are waiting:
Runway 2 international
0 flights are waiting:
Runway 3 domestic
0 flights are waiting:

Airport status:
Runway 1 domestic
0 flights are waiting:
Runway 2 international
0 flights are waiting:
Runway 3 domestic
0 flights are waiting:

Airport status:
Runway 1 domestic
2 flights are waiting:
Flight 2 D ABC E
Flight 1 D JFK R

Airport status:
Runway 1 domestic
2 flights are waiting:
Flight 2 D ABC E
Flight 1 D AAA R

Airport status:
Runway 1 domestic
2 flights are waiting:
Flight 2 D ABC E
Flight 1 D AAA R

