Hi, Administrator. Welcome to MamatNet
Follower successfully created
Follower successfully created
Follower successfully created
Follower successfully created
Follower successfully created
Follower successfully created
Followers:
1) F4: @4
3) 3FF: @3
4) F: @2
Leaders:
Followers:
3) 3FF: @3
Leaders:
User name or password incorrect
Hi, f. Welcome to MamatNet
Notifications: 0 unread messages, 0 friend requests.
Not logged in ,or user does not exist, or cannot befriend self, or already friends
Not logged in ,or user does not exist, or cannot befriend self, or already friends
Not logged in ,or user does not exist, or cannot befriend self, or already friends
Request Sent
Request Sent
Request Sent
Goodbye
Not logged in ,or user does not exist, or cannot befriend self, or already friends
Hi, F. Welcome to MamatNet
Notifications: 0 unread messages, 1 friend requests.
Request Sent
Not logged in ,or user does not exist, or cannot befriend self, or already friends
Not logged in ,or user does not exist, or cannot befriend self, or already friends
Request Sent
Request Sent
Hi, F. Welcome to MamatNet
Notifications: 0 unread messages, 1 friend requests.
Not logged in ,or user does not exist, or cannot befriend self, or already friends
Not logged in ,or user does not exist, or cannot befriend self, or already friends
Not logged in ,or user does not exist, or cannot befriend self, or already friends
Not logged in ,or user does not exist, or cannot befriend self, or already friends
Not logged in ,or user does not exist, or cannot befriend self, or already friends
Hi, 3FF. Welcome to MamatNet
Notifications: 0 unread messages, 2 friend requests.
Request Sent
Not logged in ,or user does not exist, or cannot befriend self, or already friends
Request Sent
Not logged in ,or user does not exist, or cannot befriend self, or already friends
Request Sent
1) F: @2
2) f: @1
Hi, F4. Welcome to MamatNet
Notifications: 0 unread messages, 3 friend requests.
Request Sent
Not logged in ,or user does not exist, or cannot befriend self, or already friends
Request Sent
Request Sent
Not logged in ,or user does not exist, or cannot befriend self, or already friends
Hi, Administrator. Welcome to MamatNet
User deleted
User name or password incorrect
Hi, F4. Welcome to MamatNet
Notifications: 0 unread messages, 2 friend requests.
1) 3FF: @3
2) F: @2
1) 3FF: @3
2) F: @2
Request accepted
1) F: @2
Hi, 3FF. Welcome to MamatNet
Notifications: 0 unread messages, 1 friend requests.
1) F4: @4
1) F: @2
Not logged in or no such request
Not logged in or no such request
Request accepted
Hi, F. Welcome to MamatNet
Notifications: 0 unread messages, 1 friend requests.
1) F4: @4
1) 3FF: @3
Request accepted
1) F4: @4
2) 3FF: @3
Hi, F4. Welcome to MamatNet
Notifications: 0 unread messages, 0 friend requests.
1) F: @2
2) 3FF: @3
Not logged in or invalid message number
Email: Subject: Content: Not logged in or no such friend
Follower successfully created
Request Sent
Email: Subject: Content: Not logged in or no such friend
Email: Subject: Content: Not logged in or no such friend
Email: Subject: Content: Not logged in or no such friend
Hi, F. Welcome to MamatNet
Notifications: 0 unread messages, 0 friend requests.
Not logged in or invalid message number
Not logged in or invalid message number
Hi, F. Welcome to MamatNet
Notifications: 0 unread messages, 0 friend requests.
Hi, F5F. Welcome to MamatNet
Notifications: 0 unread messages, 1 friend requests.
Hi, F. Welcome to MamatNet
Notifications: 0 unread messages, 0 friend requests.
Subject: Content: Not logged in or not leader
Not logged in as admin or user already exists
Hi, Administrator. Welcome to MamatNet
Leader successfully created
Subject: Content: Not logged in or not leader
Not logged in ,or user does not exist, or cannot befriend self, or already friends
Hi, FGFF. Welcome to MamatNet
Notifications: 0 unread messages, 0 friend requests.
Added as follower
Subject: Content: Messages sent to all followers
1) (Unread) From: @6
Subject: as
Not logged in ,or user does not exist, or cannot befriend self, or already friends
Not logged in ,or user does not exist, or cannot befriend self, or already friends
Request Sent
Hi, F. Welcome to MamatNet
Notifications: 0 unread messages, 1 friend requests.
1) FGFF: @6
1) F4: @4
2) 3FF: @3
Request accepted
1) FGFF: @6
2) F4: @4
3) 3FF: @3
Added as follower
Not logged in, or no such leader, or already following
Hi, FGFF. Welcome to MamatNet
Notifications: 1 unread messages, 0 friend requests.
Subject: Content: Messages sent to all followers
Hi, F. Welcome to MamatNet
Notifications: 1 unread messages, 0 friend requests.
Not logged in or invalid message number
From: @6
Subject: as
Content: as
From: @6
Subject: as
Content: as
Hi, F. Welcome to MamatNet
Notifications: 0 unread messages, 0 friend requests.
Not logged in, or no such leader, or already following
User name or password incorrect
Not logged in, or no such leader, or already following
Hi, F. Welcome to MamatNet
Notifications: 0 unread messages, 0 friend requests.
Not logged in, or no such leader, or already following
Hi, 3FF. Welcome to MamatNet
Notifications: 0 unread messages, 0 friend requests.
Added as follower
Hi, 3FF. Welcome to MamatNet
Notifications: 0 unread messages, 0 friend requests.
Not logged in, or no such leader, or already following
Hi, F4. Welcome to MamatNet
Notifications: 0 unread messages, 0 friend requests.
Added as follower
Hi, F5F. Welcome to MamatNet
Notifications: 0 unread messages, 1 friend requests.
Added as follower
Hi, FGFF. Welcome to MamatNet
Notifications: 2 unread messages, 0 friend requests.
Subject: Content: Messages sent to all followers
Hi, F5F. Welcome to MamatNet
Notifications: 1 unread messages, 1 friend requests.
1) F4: @4
Request Sent
Hi, F4. Welcome to MamatNet
Notifications: 1 unread messages, 1 friend requests.
1) F5F: @5
1) F: @2
2) 3FF: @3
Request accepted
1) F5F: @5
2) F: @2
3) 3FF: @3
Hi, F5F. Welcome to MamatNet
Notifications: 1 unread messages, 0 friend requests.
1) F4: @4
Hi, F4. Welcome to MamatNet
Notifications: 1 unread messages, 0 friend requests.
Friend removed
1) F: @2
2) 3FF: @3
Hi, F5F. Welcome to MamatNet
Notifications: 1 unread messages, 0 friend requests.
1) (Unread) From: @6
Subject: as
From: @6
Subject: as
Content: as
1) From: @6
Subject: as
Hi, FGFF. Welcome to MamatNet
Notifications: 3 unread messages, 0 friend requests.
Subject: Content: Messages sent to all followers
Hi, FGFF. Welcome to MamatNet
Notifications: 4 unread messages, 0 friend requests.
Subject: Content: Messages sent to all followers
Hi, F4. Welcome to MamatNet
Notifications: 3 unread messages, 0 friend requests.
1) (Unread) From: @6
Subject: as
2) (Unread) From: @6
Subject: as
3) (Unread) From: @6
Subject: as
From: @6
Subject: as
Content: as
1) (Unread) From: @6
Subject: as
2) From: @6
Subject: as
3) (Unread) From: @6
Subject: as
Hi, Administrator. Welcome to MamatNet
Not logged in as admin or user already exists
Leader successfully created
Followers:
1) F5F: @5
2) F4: @4
4) 3FF: @3
5) F: @2
Leaders:
1) FDFF7: @7
2) FGFF: @6
Goodbye
Followers:
1) F5F: @5
2) F4: @4
4) 3FF: @3
5) F: @2
Leaders:
1) FDFF7: @7
2) FGFF: @6
Hi, Administrator. Welcome to MamatNet
Leader successfully created
Not logged in, or no such leader, or already following
Not logged in
Followers:
1) F5F: @5
2) F4: @4
4) 3FF: @3
5) F: @2
Leaders:
1) 1FFF2: @12
2) FDFF7: @7
3) FGFF: @6
User name or password incorrect
Not logged in ,or user does not exist, or cannot befriend self, or already friends
Hi, F. Welcome to MamatNet
Notifications: 3 unread messages, 0 friend requests.
Request Sent
Hi, 3FF. Welcome to MamatNet
Notifications: 3 unread messages, 0 friend requests.
Request Sent
Hi, F4. Welcome to MamatNet
Notifications: 2 unread messages, 0 friend requests.
Request Sent
Hi, F5F. Welcome to MamatNet
Notifications: 2 unread messages, 0 friend requests.
Request Sent
Hi, FGFF. Welcome to MamatNet
Notifications: 5 unread messages, 0 friend requests.
Request Sent
Hi, FDFF7. Welcome to MamatNet
Notifications: 0 unread messages, 0 friend requests.
Request Sent
User name or password incorrect
Not logged in ,or user does not exist, or cannot befriend self, or already friends
Hi, 1FFF2. Welcome to MamatNet
Notifications: 0 unread messages, 6 friend requests.
Not logged in ,or user does not exist, or cannot befriend self, or already friends
1) FDFF7: @7
2) FGFF: @6
3) F5F: @5
4) F4: @4
5) 3FF: @3
6) F: @2
Request accepted
Not logged in or no such request
Request accepted
Not logged in or no such request
Request accepted
Request accepted
Request accepted
Request accepted
Not logged in or no such request
Not logged in or no such request
1) FDFF7: @7
2) FGFF: @6
3) F5F: @5
4) F4: @4
5) F: @2
6) 3FF: @3
Subject: Content: Messages sent to all followers
Hi, F. Welcome to MamatNet
Notifications: 3 unread messages, 0 friend requests.
1) 1FFF2: @12
2) FGFF: @6
3) F4: @4
4) 3FF: @3
1) (Unread) From: @6
Subject: as
2) (Unread) From: @6
Subject: as
3) (Unread) From: @6
Subject: as
4) From: @6
Subject: as
Added as follower
Hi, F. Welcome to MamatNet
Notifications: 3 unread messages, 0 friend requests.
Not logged in, or no such leader, or already following
Hi, 3FF. Welcome to MamatNet
Notifications: 3 unread messages, 0 friend requests.
Added as follower
Hi, F4. Welcome to MamatNet
Notifications: 2 unread messages, 0 friend requests.
Added as follower
Hi, F5F. Welcome to MamatNet
Notifications: 2 unread messages, 0 friend requests.
Added as follower
Hi, FGFF. Welcome to MamatNet
Notifications: 5 unread messages, 0 friend requests.
Added as follower
Hi, FDFF7. Welcome to MamatNet
Notifications: 0 unread messages, 0 friend requests.
Added as follower
User name or password incorrect
Not logged in, or no such leader, or already following
Hi, 1FFF2. Welcome to MamatNet
Notifications: 0 unread messages, 0 friend requests.
Subject: Content: Messages sent to all followers
Hi, FGFF. Welcome to MamatNet
Notifications: 6 unread messages, 0 friend requests.
1) 1FFF2: @12
2) F: @2
1) (Unread) From: @12
Subject: as sdfgsdf
2) (Unread) From: @6
Subject: as
3) (Unread) From: @6
Subject: as
4) (Unread) From: @6
Subject: as
5) (Unread) From: @6
Subject: as
6) (Unread) From: @6
Subject: as
Hi, Administrator. Welcome to MamatNet
Follower successfully created
Follower successfully created
Hi, AFFF. Welcome to MamatNet
Notifications: 0 unread messages, 0 friend requests.
Request Sent
Hi, FFFB. Welcome to MamatNet
Notifications: 0 unread messages, 1 friend requests.
Request Sent
Not logged in or no such request
Request accepted
Hi, AFFF. Welcome to MamatNet
Notifications: 0 unread messages, 0 friend requests.
1) FFFB: @B
Hi, FFFB. Welcome to MamatNet
Notifications: 0 unread messages, 0 friend requests.
1) AFFF: @A
Email: Subject: Content: Not logged in or no such friend
Email: Subject: Content: Message sent
Hi, 1FFF2. Welcome to MamatNet
Notifications: 0 unread messages, 0 friend requests.
Hi, FFFB. Welcome to MamatNet
Notifications: 0 unread messages, 0 friend requests.
Hi, AFFF. Welcome to MamatNet
Notifications: 1 unread messages, 0 friend requests.
1) (Unread) From: @B
Subject: as sdfg
Hi, FFFB. Welcome to MamatNet
Notifications: 0 unread messages, 0 friend requests.
Email: Subject: Content: Message sent
Email: Subject: Content: Message sent
Hi, AFFF. Welcome to MamatNet
Notifications: 3 unread messages, 0 friend requests.
From: @B
Subject: as ssfdghdfj
Content: as asss
1) (Unread) From: @B
Subject: as ss
2) From: @B
Subject: as ssfdghdfj
3) (Unread) From: @B
Subject: as sdfg
Not logged in ,or user does not exist, or cannot befriend self, or already friends
Request Sent
Hi, F. Welcome to MamatNet
Notifications: 4 unread messages, 1 friend requests.
1) AFFF: @A
1) 1FFF2: @12
2) FGFF: @6
3) F4: @4
4) 3FF: @3
1) (Unread) From: @12
Subject: as sdfgsdf
2) (Unread) From: @6
Subject: as
3) (Unread) From: @6
Subject: as
4) (Unread) From: @6
Subject: as
5) From: @6
Subject: as
Request accepted
Email: Subject: Content: Message sent
Hi, AFFF. Welcome to MamatNet
Notifications: 3 unread messages, 0 friend requests.
1) F: @2
2) FFFB: @B
1) (Unread) From: @2
Subject: hi ss
2) (Unread) From: @B
Subject: as ss
3) From: @B
Subject: as ssfdghdfj
4) (Unread) From: @B
Subject: as sdfg
Hi, Administrator. Welcome to MamatNet
Followers:
1) FFFB: @B
2) AFFF: @A
6) 3FF: @3
Leaders:
1) 1FFF2: @12
2) FDFF7: @7
3) FGFF: @6
User deleted
Hi, AFFF. Welcome to MamatNet
Notifications: 3 unread messages, 0 friend requests.
1) FFFB: @B
1) (Unread) From: @2
Subject: hi ss
2) (Unread) From: @B
Subject: as ss
3) From: @B
Subject: as ssfdghdfj
4) (Unread) From: @B
Subject: as sdfg
Hi, FGFF. Welcome to MamatNet
Notifications: 6 unread messages, 0 friend requests.
Not logged in, or no such leader, or already following
Followers:
1) FFFB: @B
2) AFFF: @A
3) F5F: @5
4) F4: @4
6) 3FF: @3
Leaders:
1) 1FFF2: @12
2) FDFF7: @7
3) FGFF: @6
