Welcome to MamatChat.
Hi Admin, you have no new messages.
No conversations
Hi Admin, you have no new messages.
Conversations:
1) Participants: Admin, c
2) Participants: Admin, b
3) Participants: Admin, a
Participants: Admin (read), a (read)
Conversations:
1) Participants: Admin, a
2) Participants: Admin, c
3) Participants: Admin, b
Participants: Admin (read), b (read)
Conversations:
1) Participants: Admin, b
2) Participants: Admin, a
3) Participants: Admin, c
Hi Admin, you have no new messages.
Welcome to MamatChat.
Hi a, you have new messages.
Conversations:
1) (UNREAD) Participants: Admin, a
Hi a, you have new messages.
Conversations:
1) Participants: Admin, a
2) (UNREAD) Participants: Admin, a
Hi a, you have new messages.
Conversations:
1) Participants: a, b
2) Participants: Admin, a
3) (UNREAD) Participants: Admin, a
Participants: Admin (read), a (read)
Admin : test
Conversations:
1) Participants: Admin, a
2) Participants: a, b
3) Participants: Admin, a
Hi a, you have no new messages.
Welcome to MamatChat.
Hi Admin, you have new messages.
Conversations:
1) (UNREAD) Participants: Admin, a
2) Participants: Admin, a
3) Participants: Admin, b
4) Participants: Admin, c
Hi Admin, you have new messages.
No user matches the pattern
Conversations:
1) (UNREAD) Participants: Admin
2) Participants: Admin
3) Participants: Admin, b
4) Participants: Admin, c
Hi Admin, you have new messages.
Welcome to MamatChat.
Hi b, you have new messages.
Conversations:
1) Participants: b
2) (UNREAD) Participants: Admin, b
Participants: Admin (read), b (read)
Admin : x^2+y^2=1
Conversations:
1) Participants: b
2) Participants: Admin, b
Participants: Admin (read), b (read)
Admin : x^2+y^2=1
Conversations:
1) Participants: Admin, b
2) Participants: b
Hi b, you have no new messages.
Welcome to MamatChat.
Hi x, you have no new messages.
Welcome to MamatChat.
Hi Admin, you have new messages.
Conversations:
1) (UNREAD) Participants: Admin, b
2) (UNREAD) Participants: Admin
3) Participants: Admin
4) Participants: Admin, c
Participants: Admin (read)
Admin : test
a : :)
Conversations:
1) Participants: Admin
2) (UNREAD) Participants: Admin, b
3) Participants: Admin
4) Participants: Admin, c
Participants: Admin (read), b (read)
Admin : x^2+y^2=1
b : abcdweji
Conversations:
1) Participants: Admin
2) Participants: Admin, b
3) Participants: Admin
4) Participants: Admin, c
Hi Admin, you have no new messages.
User doesn't exist
Conversations:
1) Participants: Admin
2) Participants: Admin
3) Participants: Admin
4) Participants: Admin
Hi Admin, you have no new messages.
Conversations:
1) Participants: Admin
2) Participants: Admin
3) Participants: Admin
Invalid conversation number
Hi Admin, you have no new messages.
Welcome to MamatChat.
